<div class="example block" data-block-name="example">
  <div>
    <div>
      <h2>This is a title</h2>
      <p><button title="This is a link">This is a link</button></p>
    </div>
  </div>
</div>